Archive member included to satisfy reference by file (symbol)

../../../../../Libraries/EEPROM/EEPROM/Release\libEEPROM.a(eeprom.o)
                              main.o (eepromWrite)
../../../../../Libraries/SSD1306/SSD1306/Release\libSSD1306.a(ssd1306.o)
                              main.o (ssd1306Initialize)
../../../../../Libraries/SSD1306/SSD1306/Release\libSSD1306.a(ssd1306Fonts.o)
                              ../../../../../Libraries/SSD1306/SSD1306/Release\libSSD1306.a(ssd1306.o) (ssd1306_font)
../../../../../Libraries/SSD1306/SSD1306/Release\libSSD1306.a(ssd1306FlashStore.o)
                              ../../../../../Libraries/SSD1306/SSD1306/Release\libSSD1306.a(ssd1306.o) (ssd1306_initialization_values)
../../../../../Libraries/I2C/I2C/Release\libI2C.a(i2c.o)
                              main.o (i2cSetMaster)
c:/program files (x86)/atmel/studio/7.0/toolchain/avr8/avr8-gnu-toolchain/bin/../lib/gcc/avr/5.4.0/avr5\libgcc.a(_udivmodqi4.o)
                              ../../../../../Libraries/SSD1306/SSD1306/Release\libSSD1306.a(ssd1306.o) (__udivmodqi4)
c:/program files (x86)/atmel/studio/7.0/toolchain/avr8/avr8-gnu-toolchain/bin/../lib/gcc/avr/5.4.0/avr5\libgcc.a(_exit.o)
                              C:/Program Files (x86)/Atmel/Studio/7.0/Packs/Atmel/ATmega_DFP/2.2.509/gcc/dev/atmega328p/avr5/crtatmega328p.o (exit)
c:/program files (x86)/atmel/studio/7.0/toolchain/avr8/avr8-gnu-toolchain/bin/../lib/gcc/avr/5.4.0/avr5\libgcc.a(_copy_data.o)
                              main.o (__do_copy_data)
c:/program files (x86)/atmel/studio/7.0/toolchain/avr8/avr8-gnu-toolchain/bin/../lib/gcc/avr/5.4.0/avr5\libgcc.a(_clear_bss.o)
                              main.o (__do_clear_bss)
c:/program files (x86)/atmel/studio/7.0/toolchain/avr8/avr8-gnu-toolchain/bin/../lib/gcc/avr/5.4.0/../../../../avr/lib/avr5\libc.a(memset.o)
                              ../../../../../Libraries/SSD1306/SSD1306/Release\libSSD1306.a(ssd1306.o) (memset)
c:/program files (x86)/atmel/studio/7.0/toolchain/avr8/avr8-gnu-toolchain/bin/../lib/gcc/avr/5.4.0/../../../../avr/lib/avr5\libc.a(strcat.o)
                              main.o (strcat)
c:/program files (x86)/atmel/studio/7.0/toolchain/avr8/avr8-gnu-toolchain/bin/../lib/gcc/avr/5.4.0/../../../../avr/lib/avr5\libc.a(itoa_ncheck.o)
                              main.o (__itoa_ncheck)
c:/program files (x86)/atmel/studio/7.0/toolchain/avr8/avr8-gnu-toolchain/bin/../lib/gcc/avr/5.4.0/../../../../avr/lib/avr5\libc.a(utoa_ncheck.o)
                              c:/program files (x86)/atmel/studio/7.0/toolchain/avr8/avr8-gnu-toolchain/bin/../lib/gcc/avr/5.4.0/../../../../avr/lib/avr5\libc.a(itoa_ncheck.o) (__utoa_common)
c:/program files (x86)/atmel/studio/7.0/toolchain/avr8/avr8-gnu-toolchain/bin/../lib/gcc/avr/5.4.0/../../../../avr/lib/avr5\libc.a(strrev.o)
                              c:/program files (x86)/atmel/studio/7.0/toolchain/avr8/avr8-gnu-toolchain/bin/../lib/gcc/avr/5.4.0/../../../../avr/lib/avr5\libc.a(utoa_ncheck.o) (strrev)

Allocating common symbols
Common symbol       size              file

temp                0xa               main.o

Discarded input sections

 .data          0x00000000        0x0 C:/Program Files (x86)/Atmel/Studio/7.0/Packs/Atmel/ATmega_DFP/2.2.509/gcc/dev/atmega328p/avr5/crtatmega328p.o
 .bss           0x00000000        0x0 C:/Program Files (x86)/Atmel/Studio/7.0/Packs/Atmel/ATmega_DFP/2.2.509/gcc/dev/atmega328p/avr5/crtatmega328p.o
 .text          0x00000000        0x0 main.o
 .data          0x00000000        0x0 main.o
 .bss           0x00000000        0x0 main.o
 .text          0x00000000        0x0 ../../../../../Libraries/EEPROM/EEPROM/Release\libEEPROM.a(eeprom.o)
 .data          0x00000000        0x0 ../../../../../Libraries/EEPROM/EEPROM/Release\libEEPROM.a(eeprom.o)
 .bss           0x00000000        0x0 ../../../../../Libraries/EEPROM/EEPROM/Release\libEEPROM.a(eeprom.o)
 .text.eepromRead
                0x00000000       0x82 ../../../../../Libraries/EEPROM/EEPROM/Release\libEEPROM.a(eeprom.o)
 .text.eepromErase
                0x00000000        0x2 ../../../../../Libraries/EEPROM/EEPROM/Release\libEEPROM.a(eeprom.o)
 .text          0x00000000        0x0 ../../../../../Libraries/SSD1306/SSD1306/Release\libSSD1306.a(ssd1306.o)
 .data          0x00000000        0x0 ../../../../../Libraries/SSD1306/SSD1306/Release\libSSD1306.a(ssd1306.o)
 .bss           0x00000000        0x0 ../../../../../Libraries/SSD1306/SSD1306/Release\libSSD1306.a(ssd1306.o)
 .text.ssd1306SendCommand
                0x00000000       0x1e ../../../../../Libraries/SSD1306/SSD1306/Release\libSSD1306.a(ssd1306.o)
 .text.ssd1306SendData
                0x00000000       0x1e ../../../../../Libraries/SSD1306/SSD1306/Release\libSSD1306.a(ssd1306.o)
 .text.ssd1306LocationXY
                0x00000000       0x60 ../../../../../Libraries/SSD1306/SSD1306/Release\libSSD1306.a(ssd1306.o)
 .text.ssd1306DrawPixel
                0x00000000       0x4a ../../../../../Libraries/SSD1306/SSD1306/Release\libSSD1306.a(ssd1306.o)
 .text.ssd1306TestFont
                0x00000000       0x4e ../../../../../Libraries/SSD1306/SSD1306/Release\libSSD1306.a(ssd1306.o)
 .text.ssd1306FillBuffer
                0x00000000       0x10 ../../../../../Libraries/SSD1306/SSD1306/Release\libSSD1306.a(ssd1306.o)
 .text.ssd1306SetContrast
                0x00000000       0x24 ../../../../../Libraries/SSD1306/SSD1306/Release\libSSD1306.a(ssd1306.o)
 .text.ssd1306SetCharSize
                0x00000000        0x2 ../../../../../Libraries/SSD1306/SSD1306/Release\libSSD1306.a(ssd1306.o)
 .text          0x00000000        0x0 ../../../../../Libraries/SSD1306/SSD1306/Release\libSSD1306.a(ssd1306Fonts.o)
 .data          0x00000000        0x0 ../../../../../Libraries/SSD1306/SSD1306/Release\libSSD1306.a(ssd1306Fonts.o)
 .bss           0x00000000        0x0 ../../../../../Libraries/SSD1306/SSD1306/Release\libSSD1306.a(ssd1306Fonts.o)
 .text          0x00000000        0x0 ../../../../../Libraries/SSD1306/SSD1306/Release\libSSD1306.a(ssd1306FlashStore.o)
 .data          0x00000000        0x0 ../../../../../Libraries/SSD1306/SSD1306/Release\libSSD1306.a(ssd1306FlashStore.o)
 .bss           0x00000000        0x0 ../../../../../Libraries/SSD1306/SSD1306/Release\libSSD1306.a(ssd1306FlashStore.o)
 .progmem.data.ssd1306_gddram_test
                0x00000000      0x400 ../../../../../Libraries/SSD1306/SSD1306/Release\libSSD1306.a(ssd1306FlashStore.o)
 .text          0x00000000        0x0 ../../../../../Libraries/I2C/I2C/Release\libI2C.a(i2c.o)
 .data          0x00000000        0x0 ../../../../../Libraries/I2C/I2C/Release\libI2C.a(i2c.o)
 .bss           0x00000000        0x0 ../../../../../Libraries/I2C/I2C/Release\libI2C.a(i2c.o)
 .text.i2cSetSlave
                0x00000000       0x10 ../../../../../Libraries/I2C/I2C/Release\libI2C.a(i2c.o)
 .text.i2cSlaveReadAck
                0x00000000        0xa ../../../../../Libraries/I2C/I2C/Release\libI2C.a(i2c.o)
 .text.i2cSlaveReceivedNewWriteData
                0x00000000        0x6 ../../../../../Libraries/I2C/I2C/Release\libI2C.a(i2c.o)
 .text.i2cSlaveSendData
                0x00000000        0x6 ../../../../../Libraries/I2C/I2C/Release\libI2C.a(i2c.o)
 .text.i2cSlaveSentNewReadData
                0x00000000        0x6 ../../../../../Libraries/I2C/I2C/Release\libI2C.a(i2c.o)
 .text.i2cSlaveSetMoreDataToSend
                0x00000000        0x6 ../../../../../Libraries/I2C/I2C/Release\libI2C.a(i2c.o)
 .text.i2cReadByte
                0x00000000       0x24 ../../../../../Libraries/I2C/I2C/Release\libI2C.a(i2c.o)
 .text.i2cReadLastByte
                0x00000000       0x20 ../../../../../Libraries/I2C/I2C/Release\libI2C.a(i2c.o)
 .text.i2cMasterRecieveData
                0x00000000       0x78 ../../../../../Libraries/I2C/I2C/Release\libI2C.a(i2c.o)
 .text.i2cMasterWriteData
                0x00000000       0x5a ../../../../../Libraries/I2C/I2C/Release\libI2C.a(i2c.o)
 .bss._hangup_timer
                0x00000000        0x4 ../../../../../Libraries/I2C/I2C/Release\libI2C.a(i2c.o)
 .text          0x00000000        0x0 c:/program files (x86)/atmel/studio/7.0/toolchain/avr8/avr8-gnu-toolchain/bin/../lib/gcc/avr/5.4.0/avr5\libgcc.a(_udivmodqi4.o)
 .data          0x00000000        0x0 c:/program files (x86)/atmel/studio/7.0/toolchain/avr8/avr8-gnu-toolchain/bin/../lib/gcc/avr/5.4.0/avr5\libgcc.a(_udivmodqi4.o)
 .bss           0x00000000        0x0 c:/program files (x86)/atmel/studio/7.0/toolchain/avr8/avr8-gnu-toolchain/bin/../lib/gcc/avr/5.4.0/avr5\libgcc.a(_udivmodqi4.o)
 .text.libgcc.mul
                0x00000000        0x0 c:/program files (x86)/atmel/studio/7.0/toolchain/avr8/avr8-gnu-toolchain/bin/../lib/gcc/avr/5.4.0/avr5\libgcc.a(_udivmodqi4.o)
 .text.libgcc   0x00000000        0x0 c:/program files (x86)/atmel/studio/7.0/toolchain/avr8/avr8-gnu-toolchain/bin/../lib/gcc/avr/5.4.0/avr5\libgcc.a(_udivmodqi4.o)
 .text.libgcc.prologue
                0x00000000        0x0 c:/program files (x86)/atmel/studio/7.0/toolchain/avr8/avr8-gnu-toolchain/bin/../lib/gcc/avr/5.4.0/avr5\libgcc.a(_udivmodqi4.o)
 .text.libgcc.builtins
                0x00000000        0x0 c:/program files (x86)/atmel/studio/7.0/toolchain/avr8/avr8-gnu-toolchain/bin/../lib/gcc/avr/5.4.0/avr5\libgcc.a(_udivmodqi4.o)
 .text.libgcc.fmul
                0x00000000        0x0 c:/program files (x86)/atmel/studio/7.0/toolchain/avr8/avr8-gnu-toolchain/bin/../lib/gcc/avr/5.4.0/avr5\libgcc.a(_udivmodqi4.o)
 .text.libgcc.fixed
                0x00000000        0x0 c:/program files (x86)/atmel/studio/7.0/toolchain/avr8/avr8-gnu-toolchain/bin/../lib/gcc/avr/5.4.0/avr5\libgcc.a(_udivmodqi4.o)
 .text          0x00000000        0x0 c:/program files (x86)/atmel/studio/7.0/toolchain/avr8/avr8-gnu-toolchain/bin/../lib/gcc/avr/5.4.0/avr5\libgcc.a(_exit.o)
 .data          0x00000000        0x0 c:/program files (x86)/atmel/studio/7.0/toolchain/avr8/avr8-gnu-toolchain/bin/../lib/gcc/avr/5.4.0/avr5\libgcc.a(_exit.o)
 .bss           0x00000000        0x0 c:/program files (x86)/atmel/studio/7.0/toolchain/avr8/avr8-gnu-toolchain/bin/../lib/gcc/avr/5.4.0/avr5\libgcc.a(_exit.o)
 .text.libgcc.mul
                0x00000000        0x0 c:/program files (x86)/atmel/studio/7.0/toolchain/avr8/avr8-gnu-toolchain/bin/../lib/gcc/avr/5.4.0/avr5\libgcc.a(_exit.o)
 .text.libgcc.div
                0x00000000        0x0 c:/program files (x86)/atmel/studio/7.0/toolchain/avr8/avr8-gnu-toolchain/bin/../lib/gcc/avr/5.4.0/avr5\libgcc.a(_exit.o)
 .text.libgcc   0x00000000        0x0 c:/program files (x86)/atmel/studio/7.0/toolchain/avr8/avr8-gnu-toolchain/bin/../lib/gcc/avr/5.4.0/avr5\libgcc.a(_exit.o)
 .text.libgcc.prologue
                0x00000000        0x0 c:/program files (x86)/atmel/studio/7.0/toolchain/avr8/avr8-gnu-toolchain/bin/../lib/gcc/avr/5.4.0/avr5\libgcc.a(_exit.o)
 .text.libgcc.builtins
                0x00000000        0x0 c:/program files (x86)/atmel/studio/7.0/toolchain/avr8/avr8-gnu-toolchain/bin/../lib/gcc/avr/5.4.0/avr5\libgcc.a(_exit.o)
 .text.libgcc.fmul
                0x00000000        0x0 c:/program files (x86)/atmel/studio/7.0/toolchain/avr8/avr8-gnu-toolchain/bin/../lib/gcc/avr/5.4.0/avr5\libgcc.a(_exit.o)
 .text.libgcc.fixed
                0x00000000        0x0 c:/program files (x86)/atmel/studio/7.0/toolchain/avr8/avr8-gnu-toolchain/bin/../lib/gcc/avr/5.4.0/avr5\libgcc.a(_exit.o)
 .text          0x00000000        0x0 c:/program files (x86)/atmel/studio/7.0/toolchain/avr8/avr8-gnu-toolchain/bin/../lib/gcc/avr/5.4.0/avr5\libgcc.a(_copy_data.o)
 .data          0x00000000        0x0 c:/program files (x86)/atmel/studio/7.0/toolchain/avr8/avr8-gnu-toolchain/bin/../lib/gcc/avr/5.4.0/avr5\libgcc.a(_copy_data.o)
 .bss           0x00000000        0x0 c:/program files (x86)/atmel/studio/7.0/toolchain/avr8/avr8-gnu-toolchain/bin/../lib/gcc/avr/5.4.0/avr5\libgcc.a(_copy_data.o)
 .text.libgcc.mul
                0x00000000        0x0 c:/program files (x86)/atmel/studio/7.0/toolchain/avr8/avr8-gnu-toolchain/bin/../lib/gcc/avr/5.4.0/avr5\libgcc.a(_copy_data.o)
 .text.libgcc.div
                0x00000000        0x0 c:/program files (x86)/atmel/studio/7.0/toolchain/avr8/avr8-gnu-toolchain/bin/../lib/gcc/avr/5.4.0/avr5\libgcc.a(_copy_data.o)
 .text.libgcc   0x00000000        0x0 c:/program files (x86)/atmel/studio/7.0/toolchain/avr8/avr8-gnu-toolchain/bin/../lib/gcc/avr/5.4.0/avr5\libgcc.a(_copy_data.o)
 .text.libgcc.prologue
                0x00000000        0x0 c:/program files (x86)/atmel/studio/7.0/toolchain/avr8/avr8-gnu-toolchain/bin/../lib/gcc/avr/5.4.0/avr5\libgcc.a(_copy_data.o)
 .text.libgcc.builtins
                0x00000000        0x0 c:/program files (x86)/atmel/studio/7.0/toolchain/avr8/avr8-gnu-toolchain/bin/../lib/gcc/avr/5.4.0/avr5\libgcc.a(_copy_data.o)
 .text.libgcc.fmul
                0x00000000        0x0 c:/program files (x86)/atmel/studio/7.0/toolchain/avr8/avr8-gnu-toolchain/bin/../lib/gcc/avr/5.4.0/avr5\libgcc.a(_copy_data.o)
 .text.libgcc.fixed
                0x00000000        0x0 c:/program files (x86)/atmel/studio/7.0/toolchain/avr8/avr8-gnu-toolchain/bin/../lib/gcc/avr/5.4.0/avr5\libgcc.a(_copy_data.o)
 .text          0x00000000        0x0 c:/program files (x86)/atmel/studio/7.0/toolchain/avr8/avr8-gnu-toolchain/bin/../lib/gcc/avr/5.4.0/avr5\libgcc.a(_clear_bss.o)
 .data          0x00000000        0x0 c:/program files (x86)/atmel/studio/7.0/toolchain/avr8/avr8-gnu-toolchain/bin/../lib/gcc/avr/5.4.0/avr5\libgcc.a(_clear_bss.o)
 .bss           0x00000000        0x0 c:/program files (x86)/atmel/studio/7.0/toolchain/avr8/avr8-gnu-toolchain/bin/../lib/gcc/avr/5.4.0/avr5\libgcc.a(_clear_bss.o)
 .text.libgcc.mul
                0x00000000        0x0 c:/program files (x86)/atmel/studio/7.0/toolchain/avr8/avr8-gnu-toolchain/bin/../lib/gcc/avr/5.4.0/avr5\libgcc.a(_clear_bss.o)
 .text.libgcc.div
                0x00000000        0x0 c:/program files (x86)/atmel/studio/7.0/toolchain/avr8/avr8-gnu-toolchain/bin/../lib/gcc/avr/5.4.0/avr5\libgcc.a(_clear_bss.o)
 .text.libgcc   0x00000000        0x0 c:/program files (x86)/atmel/studio/7.0/toolchain/avr8/avr8-gnu-toolchain/bin/../lib/gcc/avr/5.4.0/avr5\libgcc.a(_clear_bss.o)
 .text.libgcc.prologue
                0x00000000        0x0 c:/program files (x86)/atmel/studio/7.0/toolchain/avr8/avr8-gnu-toolchain/bin/../lib/gcc/avr/5.4.0/avr5\libgcc.a(_clear_bss.o)
 .text.libgcc.builtins
                0x00000000        0x0 c:/program files (x86)/atmel/studio/7.0/toolchain/avr8/avr8-gnu-toolchain/bin/../lib/gcc/avr/5.4.0/avr5\libgcc.a(_clear_bss.o)
 .text.libgcc.fmul
                0x00000000        0x0 c:/program files (x86)/atmel/studio/7.0/toolchain/avr8/avr8-gnu-toolchain/bin/../lib/gcc/avr/5.4.0/avr5\libgcc.a(_clear_bss.o)
 .text.libgcc.fixed
                0x00000000        0x0 c:/program files (x86)/atmel/studio/7.0/toolchain/avr8/avr8-gnu-toolchain/bin/../lib/gcc/avr/5.4.0/avr5\libgcc.a(_clear_bss.o)
 .text          0x00000000        0x0 c:/program files (x86)/atmel/studio/7.0/toolchain/avr8/avr8-gnu-toolchain/bin/../lib/gcc/avr/5.4.0/../../../../avr/lib/avr5\libc.a(memset.o)
 .data          0x00000000        0x0 c:/program files (x86)/atmel/studio/7.0/toolchain/avr8/avr8-gnu-toolchain/bin/../lib/gcc/avr/5.4.0/../../../../avr/lib/avr5\libc.a(memset.o)
 .bss           0x00000000        0x0 c:/program files (x86)/atmel/studio/7.0/toolchain/avr8/avr8-gnu-toolchain/bin/../lib/gcc/avr/5.4.0/../../../../avr/lib/avr5\libc.a(memset.o)
 .text.avr-libc
                0x00000000        0xe c:/program files (x86)/atmel/studio/7.0/toolchain/avr8/avr8-gnu-toolchain/bin/../lib/gcc/avr/5.4.0/../../../../avr/lib/avr5\libc.a(memset.o)
 .text          0x00000000        0x0 c:/program files (x86)/atmel/studio/7.0/toolchain/avr8/avr8-gnu-toolchain/bin/../lib/gcc/avr/5.4.0/../../../../avr/lib/avr5\libc.a(strcat.o)
 .data          0x00000000        0x0 c:/program files (x86)/atmel/studio/7.0/toolchain/avr8/avr8-gnu-toolchain/bin/../lib/gcc/avr/5.4.0/../../../../avr/lib/avr5\libc.a(strcat.o)
 .bss           0x00000000        0x0 c:/program files (x86)/atmel/studio/7.0/toolchain/avr8/avr8-gnu-toolchain/bin/../lib/gcc/avr/5.4.0/../../../../avr/lib/avr5\libc.a(strcat.o)
 .text          0x00000000        0x0 c:/program files (x86)/atmel/studio/7.0/toolchain/avr8/avr8-gnu-toolchain/bin/../lib/gcc/avr/5.4.0/../../../../avr/lib/avr5\libc.a(itoa_ncheck.o)
 .data          0x00000000        0x0 c:/program files (x86)/atmel/studio/7.0/toolchain/avr8/avr8-gnu-toolchain/bin/../lib/gcc/avr/5.4.0/../../../../avr/lib/avr5\libc.a(itoa_ncheck.o)
 .bss           0x00000000        0x0 c:/program files (x86)/atmel/studio/7.0/toolchain/avr8/avr8-gnu-toolchain/bin/../lib/gcc/avr/5.4.0/../../../../avr/lib/avr5\libc.a(itoa_ncheck.o)
 .text          0x00000000        0x0 c:/program files (x86)/atmel/studio/7.0/toolchain/avr8/avr8-gnu-toolchain/bin/../lib/gcc/avr/5.4.0/../../../../avr/lib/avr5\libc.a(utoa_ncheck.o)
 .data          0x00000000        0x0 c:/program files (x86)/atmel/studio/7.0/toolchain/avr8/avr8-gnu-toolchain/bin/../lib/gcc/avr/5.4.0/../../../../avr/lib/avr5\libc.a(utoa_ncheck.o)
 .bss           0x00000000        0x0 c:/program files (x86)/atmel/studio/7.0/toolchain/avr8/avr8-gnu-toolchain/bin/../lib/gcc/avr/5.4.0/../../../../avr/lib/avr5\libc.a(utoa_ncheck.o)
 .text          0x00000000        0x0 c:/program files (x86)/atmel/studio/7.0/toolchain/avr8/avr8-gnu-toolchain/bin/../lib/gcc/avr/5.4.0/../../../../avr/lib/avr5\libc.a(strrev.o)
 .data          0x00000000        0x0 c:/program files (x86)/atmel/studio/7.0/toolchain/avr8/avr8-gnu-toolchain/bin/../lib/gcc/avr/5.4.0/../../../../avr/lib/avr5\libc.a(strrev.o)
 .bss           0x00000000        0x0 c:/program files (x86)/atmel/studio/7.0/toolchain/avr8/avr8-gnu-toolchain/bin/../lib/gcc/avr/5.4.0/../../../../avr/lib/avr5\libc.a(strrev.o)

Memory Configuration

Name             Origin             Length             Attributes
text             0x00000000         0x00008000         xr
data             0x00800100         0x00000800         rw !x
eeprom           0x00810000         0x00000400         rw !x
fuse             0x00820000         0x00000003         rw !x
lock             0x00830000         0x00000400         rw !x
signature        0x00840000         0x00000400         rw !x
user_signatures  0x00850000         0x00000400         rw !x
*default*        0x00000000         0xffffffff

Linker script and memory map

Address of section .data set to 0x800100
LOAD C:/Program Files (x86)/Atmel/Studio/7.0/Packs/Atmel/ATmega_DFP/2.2.509/gcc/dev/atmega328p/avr5/crtatmega328p.o
LOAD main.o
START GROUP
LOAD c:/program files (x86)/atmel/studio/7.0/toolchain/avr8/avr8-gnu-toolchain/bin/../lib/gcc/avr/5.4.0/../../../../avr/lib/avr5\libm.a
LOAD ../../../../../Libraries/EEPROM/EEPROM/Release\libEEPROM.a
LOAD ../../../../../Libraries/SSD1306/SSD1306/Release\libSSD1306.a
LOAD ../../../../../Libraries/I2C/I2C/Release\libI2C.a
END GROUP
Address of section .text set to 0x7000
START GROUP
LOAD c:/program files (x86)/atmel/studio/7.0/toolchain/avr8/avr8-gnu-toolchain/bin/../lib/gcc/avr/5.4.0/avr5\libgcc.a
LOAD c:/program files (x86)/atmel/studio/7.0/toolchain/avr8/avr8-gnu-toolchain/bin/../lib/gcc/avr/5.4.0/../../../../avr/lib/avr5\libm.a
LOAD c:/program files (x86)/atmel/studio/7.0/toolchain/avr8/avr8-gnu-toolchain/bin/../lib/gcc/avr/5.4.0/../../../../avr/lib/avr5\libc.a
LOAD C:/Program Files (x86)/Atmel/Studio/7.0/Packs/Atmel/ATmega_DFP/2.2.509/gcc/dev/atmega328p/avr5\libatmega328p.a
END GROUP
                0x00000000                __TEXT_REGION_ORIGIN__ = DEFINED (__TEXT_REGION_ORIGIN__)?__TEXT_REGION_ORIGIN__:0x0
                [0x00800100]                __DATA_REGION_ORIGIN__ = DEFINED (__DATA_REGION_ORIGIN__)?__DATA_REGION_ORIGIN__:0x800060
                [0x00008000]                __TEXT_REGION_LENGTH__ = DEFINED (__TEXT_REGION_LENGTH__)?__TEXT_REGION_LENGTH__:0x20000
                [0x00000800]                __DATA_REGION_LENGTH__ = DEFINED (__DATA_REGION_LENGTH__)?__DATA_REGION_LENGTH__:0xffa0
                [0x00000400]                __EEPROM_REGION_LENGTH__ = DEFINED (__EEPROM_REGION_LENGTH__)?__EEPROM_REGION_LENGTH__:0x10000
                [0x00000003]                __FUSE_REGION_LENGTH__ = DEFINED (__FUSE_REGION_LENGTH__)?__FUSE_REGION_LENGTH__:0x400
                0x00000400                __LOCK_REGION_LENGTH__ = DEFINED (__LOCK_REGION_LENGTH__)?__LOCK_REGION_LENGTH__:0x400
                0x00000400                __SIGNATURE_REGION_LENGTH__ = DEFINED (__SIGNATURE_REGION_LENGTH__)?__SIGNATURE_REGION_LENGTH__:0x400
                0x00000400                __USER_SIGNATURE_REGION_LENGTH__ = DEFINED (__USER_SIGNATURE_REGION_LENGTH__)?__USER_SIGNATURE_REGION_LENGTH__:0x400

.hash
 *(.hash)

.dynsym
 *(.dynsym)

.dynstr
 *(.dynstr)

.gnu.version
 *(.gnu.version)

.gnu.version_d
 *(.gnu.version_d)

.gnu.version_r
 *(.gnu.version_r)

.rel.init
 *(.rel.init)

.rela.init
 *(.rela.init)

.rel.text
 *(.rel.text)
 *(.rel.text.*)
 *(.rel.gnu.linkonce.t*)

.rela.text
 *(.rela.text)
 *(.rela.text.*)
 *(.rela.gnu.linkonce.t*)

.rel.fini
 *(.rel.fini)

.rela.fini
 *(.rela.fini)

.rel.rodata
 *(.rel.rodata)
 *(.rel.rodata.*)
 *(.rel.gnu.linkonce.r*)

.rela.rodata
 *(.rela.rodata)
 *(.rela.rodata.*)
 *(.rela.gnu.linkonce.r*)

.rel.data
 *(.rel.data)
 *(.rel.data.*)
 *(.rel.gnu.linkonce.d*)

.rela.data
 *(.rela.data)
 *(.rela.data.*)
 *(.rela.gnu.linkonce.d*)

.rel.ctors
 *(.rel.ctors)

.rela.ctors
 *(.rela.ctors)

.rel.dtors
 *(.rel.dtors)

.rela.dtors
 *(.rela.dtors)

.rel.got
 *(.rel.got)

.rela.got
 *(.rela.got)

.rel.bss
 *(.rel.bss)

.rela.bss
 *(.rela.bss)

.rel.plt
 *(.rel.plt)

.rela.plt
 *(.rela.plt)

.text           0x00007000      0xaee
 *(.vectors)
 .vectors       0x00007000       0x68 C:/Program Files (x86)/Atmel/Studio/7.0/Packs/Atmel/ATmega_DFP/2.2.509/gcc/dev/atmega328p/avr5/crtatmega328p.o
                0x00007000                __vector_default
                0x00007000                __vectors
 *(.vectors)
 *(.progmem.gcc*)
                0x00007068                . = ALIGN (0x2)
                0x00007068                __trampolines_start = .
 *(.trampolines)
 .trampolines   0x00007068        0x0 linker stubs
 *(.trampolines*)
                0x00007068                __trampolines_end = .
 *libprintf_flt.a:*(.progmem.data)
 *libc.a:*(.progmem.data)
 *(.progmem*)
 .progmem.data.ssd1306_font
                0x00007068      0x300 ../../../../../Libraries/SSD1306/SSD1306/Release\libSSD1306.a(ssd1306Fonts.o)
                0x00007068                ssd1306_font
 .progmem.data.ssd1306_initialization_values
                0x00007368       0x18 ../../../../../Libraries/SSD1306/SSD1306/Release\libSSD1306.a(ssd1306FlashStore.o)
                0x00007368                ssd1306_initialization_values
                0x00007380                . = ALIGN (0x2)
 *(.jumptables)
 *(.jumptables*)
 *(.lowtext)
 *(.lowtext*)
                0x00007380                __ctors_start = .
 *(.ctors)
                0x00007380                __ctors_end = .
                0x00007380                __dtors_start = .
 *(.dtors)
                0x00007380                __dtors_end = .
 SORT(*)(.ctors)
 SORT(*)(.dtors)
 *(.init0)
 .init0         0x00007380        0x0 C:/Program Files (x86)/Atmel/Studio/7.0/Packs/Atmel/ATmega_DFP/2.2.509/gcc/dev/atmega328p/avr5/crtatmega328p.o
                0x00007380                __init
 *(.init0)
 *(.init1)
 *(.init1)
 *(.init2)
 .init2         0x00007380        0xc C:/Program Files (x86)/Atmel/Studio/7.0/Packs/Atmel/ATmega_DFP/2.2.509/gcc/dev/atmega328p/avr5/crtatmega328p.o
 *(.init2)
 *(.init3)
 *(.init3)
 *(.init4)
 .init4         0x0000738c       0x16 c:/program files (x86)/atmel/studio/7.0/toolchain/avr8/avr8-gnu-toolchain/bin/../lib/gcc/avr/5.4.0/avr5\libgcc.a(_copy_data.o)
                0x0000738c                __do_copy_data
 .init4         0x000073a2       0x10 c:/program files (x86)/atmel/studio/7.0/toolchain/avr8/avr8-gnu-toolchain/bin/../lib/gcc/avr/5.4.0/avr5\libgcc.a(_clear_bss.o)
                0x000073a2                __do_clear_bss
 *(.init4)
 *(.init5)
 *(.init5)
 *(.init6)
 *(.init6)
 *(.init7)
 *(.init7)
 *(.init8)
 *(.init8)
 *(.init9)
 .init9         0x000073b2        0x8 C:/Program Files (x86)/Atmel/Studio/7.0/Packs/Atmel/ATmega_DFP/2.2.509/gcc/dev/atmega328p/avr5/crtatmega328p.o
 *(.init9)
 *(.text)
 .text          0x000073ba        0x4 C:/Program Files (x86)/Atmel/Studio/7.0/Packs/Atmel/ATmega_DFP/2.2.509/gcc/dev/atmega328p/avr5/crtatmega328p.o
                0x000073ba                __vector_22
                0x000073ba                __vector_1
                0x000073ba                __vector_12
                0x000073ba                __bad_interrupt
                0x000073ba                __vector_6
                0x000073ba                __vector_3
                0x000073ba                __vector_23
                0x000073ba                __vector_25
                0x000073ba                __vector_11
                0x000073ba                __vector_13
                0x000073ba                __vector_17
                0x000073ba                __vector_19
                0x000073ba                __vector_7
                0x000073ba                __vector_5
                0x000073ba                __vector_4
                0x000073ba                __vector_9
                0x000073ba                __vector_2
                0x000073ba                __vector_21
                0x000073ba                __vector_15
                0x000073ba                __vector_8
                0x000073ba                __vector_14
                0x000073ba                __vector_10
                0x000073ba                __vector_16
                0x000073ba                __vector_18
                0x000073ba                __vector_20
                0x000073be                . = ALIGN (0x2)
 *(.text.*)
 .text.bootloaderDebugDecToHex
                0x000073be       0xa0 main.o
                0x000073be                bootloaderDebugDecToHex
 .text.writePage
                0x0000745e       0xd0 main.o
                0x0000745e                writePage
 .text.main     0x0000752e       0xe8 main.o
                0x0000752e                main
 .text.eepromWriteByte
                0x00007616       0x42 ../../../../../Libraries/EEPROM/EEPROM/Release\libEEPROM.a(eeprom.o)
                0x00007616                eepromWriteByte
 .text.eepromWrite
                0x00007658       0xc2 ../../../../../Libraries/EEPROM/EEPROM/Release\libEEPROM.a(eeprom.o)
                0x00007658                eepromWrite
 .text.eepromReadByte
                0x0000771a       0x3c ../../../../../Libraries/EEPROM/EEPROM/Release\libEEPROM.a(eeprom.o)
                0x0000771a                eepromReadByte
 .text.ssd1306Initialize
                0x00007756       0x30 ../../../../../Libraries/SSD1306/SSD1306/Release\libSSD1306.a(ssd1306.o)
                0x00007756                ssd1306Initialize
 .text.ssd1306SelectWholeBuffer
                0x00007786       0x36 ../../../../../Libraries/SSD1306/SSD1306/Release\libSSD1306.a(ssd1306.o)
                0x00007786                ssd1306SelectWholeBuffer
 .text.ssd1306TransferBuffer
                0x000077bc       0x30 ../../../../../Libraries/SSD1306/SSD1306/Release\libSSD1306.a(ssd1306.o)
                0x000077bc                ssd1306TransferBuffer
 .text.ssd1306ClearDisplay
                0x000077ec       0x12 ../../../../../Libraries/SSD1306/SSD1306/Release\libSSD1306.a(ssd1306.o)
                0x000077ec                ssd1306ClearDisplay
 .text.ssd1306Print
                0x000077fe       0xce ../../../../../Libraries/SSD1306/SSD1306/Release\libSSD1306.a(ssd1306.o)
                0x000077fe                ssd1306Print
 .text.__vector_24
                0x000078cc       0xac ../../../../../Libraries/I2C/I2C/Release\libI2C.a(i2c.o)
                0x000078cc                __vector_24
 .text.i2cSetMaster
                0x00007978       0x10 ../../../../../Libraries/I2C/I2C/Release\libI2C.a(i2c.o)
                0x00007978                i2cSetMaster
 .text.i2cStop  0x00007988       0x10 ../../../../../Libraries/I2C/I2C/Release\libI2C.a(i2c.o)
                0x00007988                i2cStop
 .text.i2cStart
                0x00007998       0x10 ../../../../../Libraries/I2C/I2C/Release\libI2C.a(i2c.o)
                0x00007998                i2cStart
 .text.i2cWriteByte
                0x000079a8       0x14 ../../../../../Libraries/I2C/I2C/Release\libI2C.a(i2c.o)
                0x000079a8                i2cWriteByte
 .text.i2cGetStatus
                0x000079bc        0x8 ../../../../../Libraries/I2C/I2C/Release\libI2C.a(i2c.o)
                0x000079bc                i2cGetStatus
 .text.i2cDelayedStart
                0x000079c4       0x76 ../../../../../Libraries/I2C/I2C/Release\libI2C.a(i2c.o)
                0x000079c4                i2cDelayedStart
 .text.i2cWrite
                0x00007a3a       0x18 ../../../../../Libraries/I2C/I2C/Release\libI2C.a(i2c.o)
                0x00007a3a                i2cWrite
 .text.libgcc.div
                0x00007a52       0x18 c:/program files (x86)/atmel/studio/7.0/toolchain/avr8/avr8-gnu-toolchain/bin/../lib/gcc/avr/5.4.0/avr5\libgcc.a(_udivmodqi4.o)
                0x00007a52                __udivmodqi4
 .text.avr-libc
                0x00007a6a       0x16 c:/program files (x86)/atmel/studio/7.0/toolchain/avr8/avr8-gnu-toolchain/bin/../lib/gcc/avr/5.4.0/../../../../avr/lib/avr5\libc.a(strcat.o)
                0x00007a6a                strcat
 .text.avr-libc
                0x00007a80       0x16 c:/program files (x86)/atmel/studio/7.0/toolchain/avr8/avr8-gnu-toolchain/bin/../lib/gcc/avr/5.4.0/../../../../avr/lib/avr5\libc.a(itoa_ncheck.o)
                0x00007a80                __itoa_ncheck
 .text.avr-libc
                0x00007a96       0x34 c:/program files (x86)/atmel/studio/7.0/toolchain/avr8/avr8-gnu-toolchain/bin/../lib/gcc/avr/5.4.0/../../../../avr/lib/avr5\libc.a(utoa_ncheck.o)
                0x00007a96                __utoa_ncheck
                0x00007a98                __utoa_common
 .text.avr-libc
                0x00007aca       0x20 c:/program files (x86)/atmel/studio/7.0/toolchain/avr8/avr8-gnu-toolchain/bin/../lib/gcc/avr/5.4.0/../../../../avr/lib/avr5\libc.a(strrev.o)
                0x00007aca                strrev
                0x00007aea                . = ALIGN (0x2)
 *(.fini9)
 .fini9         0x00007aea        0x0 c:/program files (x86)/atmel/studio/7.0/toolchain/avr8/avr8-gnu-toolchain/bin/../lib/gcc/avr/5.4.0/avr5\libgcc.a(_exit.o)
                0x00007aea                _exit
                0x00007aea                exit
 *(.fini9)
 *(.fini8)
 *(.fini8)
 *(.fini7)
 *(.fini7)
 *(.fini6)
 *(.fini6)
 *(.fini5)
 *(.fini5)
 *(.fini4)
 *(.fini4)
 *(.fini3)
 *(.fini3)
 *(.fini2)
 *(.fini2)
 *(.fini1)
 *(.fini1)
 *(.fini0)
 .fini0         0x00007aea        0x4 c:/program files (x86)/atmel/studio/7.0/toolchain/avr8/avr8-gnu-toolchain/bin/../lib/gcc/avr/5.4.0/avr5\libgcc.a(_exit.o)
 *(.fini0)
                0x00007aee                _etext = .

.data           0x00800100      0x15a load address 0x00007aee
                0x00800100                PROVIDE (__data_start, .)
 *(.data)
 *(.data*)
 .data.blink_program
                0x00800100       0xb4 main.o
                0x00800100                blink_program
 *(.gnu.linkonce.d*)
 *(.rodata)
 *(.rodata*)
 .rodata.str1.1
                0x008001b4       0xa6 main.o
 *(.gnu.linkonce.r*)
                0x0080025a                . = ALIGN (0x2)
                0x0080025a                _edata = .
                0x0080025a                PROVIDE (__data_end, .)

.bss            0x0080025a      0x40e
                0x0080025a                PROVIDE (__bss_start, .)
 *(.bss)
 *(.bss*)
 .bss.ssd1306_gddram_buffer
                0x0080025a      0x400 ../../../../../Libraries/SSD1306/SSD1306/Release\libSSD1306.a(ssd1306.o)
                0x0080025a                ssd1306_gddram_buffer
 .bss.slave_sent_new_read_data
                0x0080065a        0x1 ../../../../../Libraries/I2C/I2C/Release\libI2C.a(i2c.o)
                0x0080065a                slave_sent_new_read_data
 .bss.slave_data_to_be_sent_buffer
                0x0080065b        0x1 ../../../../../Libraries/I2C/I2C/Release\libI2C.a(i2c.o)
                0x0080065b                slave_data_to_be_sent_buffer
 .bss.slave_received_new_write_data
                0x0080065c        0x1 ../../../../../Libraries/I2C/I2C/Release\libI2C.a(i2c.o)
                0x0080065c                slave_received_new_write_data
 .bss.slave_write_data_received_buffer
                0x0080065d        0x1 ../../../../../Libraries/I2C/I2C/Release\libI2C.a(i2c.o)
                0x0080065d                slave_write_data_received_buffer
 *(COMMON)
 COMMON         0x0080065e        0xa main.o
                0x0080065e                temp
                0x00800668                PROVIDE (__bss_end, .)
                0x00007aee                __data_load_start = LOADADDR (.data)
                0x00007c48                __data_load_end = (__data_load_start + SIZEOF (.data))

.noinit         0x00800668        0x0
                [!provide]                PROVIDE (__noinit_start, .)
 *(.noinit*)
                [!provide]                PROVIDE (__noinit_end, .)
                0x00800668                _end = .
                [!provide]                PROVIDE (__heap_start, .)

.eeprom         0x00810000        0x0
 *(.eeprom*)
                0x00810000                __eeprom_end = .

.fuse
 *(.fuse)
 *(.lfuse)
 *(.hfuse)
 *(.efuse)

.lock
 *(.lock*)

.signature
 *(.signature*)

.user_signatures
 *(.user_signatures*)

.stab
 *(.stab)

.stabstr
 *(.stabstr)

.stab.excl
 *(.stab.excl)

.stab.exclstr
 *(.stab.exclstr)

.stab.index
 *(.stab.index)

.stab.indexstr
 *(.stab.indexstr)

.comment        0x00000000       0x30
 *(.comment)
 .comment       0x00000000       0x30 main.o
                                 0x31 (size before relaxing)
 .comment       0x00000030       0x31 ../../../../../Libraries/EEPROM/EEPROM/Release\libEEPROM.a(eeprom.o)
 .comment       0x00000030       0x31 ../../../../../Libraries/SSD1306/SSD1306/Release\libSSD1306.a(ssd1306.o)
 .comment       0x00000030       0x31 ../../../../../Libraries/SSD1306/SSD1306/Release\libSSD1306.a(ssd1306Fonts.o)
 .comment       0x00000030       0x31 ../../../../../Libraries/SSD1306/SSD1306/Release\libSSD1306.a(ssd1306FlashStore.o)
 .comment       0x00000030       0x31 ../../../../../Libraries/I2C/I2C/Release\libI2C.a(i2c.o)

.note.gnu.avr.deviceinfo
                0x00000000       0x40
 .note.gnu.avr.deviceinfo
                0x00000000       0x40 C:/Program Files (x86)/Atmel/Studio/7.0/Packs/Atmel/ATmega_DFP/2.2.509/gcc/dev/atmega328p/avr5/crtatmega328p.o

.note.gnu.build-id
 *(.note.gnu.build-id)

.debug
 *(.debug)

.line
 *(.line)

.debug_srcinfo
 *(.debug_srcinfo)

.debug_sfnames
 *(.debug_sfnames)

.debug_aranges  0x00000000       0x30
 *(.debug_aranges)
 .debug_aranges
                0x00000000       0x30 main.o

.debug_pubnames
 *(.debug_pubnames)

.debug_info     0x00000000      0xc5a
 *(.debug_info .gnu.linkonce.wi.*)
 .debug_info    0x00000000      0x5f4 C:/Program Files (x86)/Atmel/Studio/7.0/Packs/Atmel/ATmega_DFP/2.2.509/gcc/dev/atmega328p/avr5/crtatmega328p.o
 .debug_info    0x000005f4      0x666 main.o

.debug_abbrev   0x00000000      0x7c5
 *(.debug_abbrev)
 .debug_abbrev  0x00000000      0x5a2 C:/Program Files (x86)/Atmel/Studio/7.0/Packs/Atmel/ATmega_DFP/2.2.509/gcc/dev/atmega328p/avr5/crtatmega328p.o
 .debug_abbrev  0x000005a2      0x223 main.o

.debug_line     0x00000000      0x4c6
 *(.debug_line .debug_line.* .debug_line_end)
 .debug_line    0x00000000      0x134 C:/Program Files (x86)/Atmel/Studio/7.0/Packs/Atmel/ATmega_DFP/2.2.509/gcc/dev/atmega328p/avr5/crtatmega328p.o
 .debug_line    0x00000134      0x392 main.o

.debug_frame    0x00000000       0xa4
 *(.debug_frame)
 .debug_frame   0x00000000       0xa4 main.o

.debug_str      0x00000000      0x4c7
 *(.debug_str)
 .debug_str     0x00000000      0x208 C:/Program Files (x86)/Atmel/Studio/7.0/Packs/Atmel/ATmega_DFP/2.2.509/gcc/dev/atmega328p/avr5/crtatmega328p.o
 .debug_str     0x00000208      0x2bf main.o
                                0x302 (size before relaxing)

.debug_loc      0x00000000      0x31c
 *(.debug_loc)
 .debug_loc     0x00000000      0x31c main.o

.debug_macinfo
 *(.debug_macinfo)

.debug_weaknames
 *(.debug_weaknames)

.debug_funcnames
 *(.debug_funcnames)

.debug_typenames
 *(.debug_typenames)

.debug_varnames
 *(.debug_varnames)

.debug_pubtypes
 *(.debug_pubtypes)

.debug_ranges   0x00000000       0x20
 *(.debug_ranges)
 .debug_ranges  0x00000000       0x20 main.o

.debug_macro
 *(.debug_macro)
OUTPUT(Bootloader.elf elf32-avr)
LOAD linker stubs
