Archive member included to satisfy reference by file (symbol)

c:/program files (x86)/arduino/hardware/tools/avr/bin/../lib/gcc/avr/4.9.2/avr5\libgcc.a(_divmodhi4.o)
                              stringfunctions.o (__divmodhi4)
c:/program files (x86)/arduino/hardware/tools/avr/bin/../lib/gcc/avr/4.9.2/avr5\libgcc.a(_exit.o)
                              c:/program files (x86)/arduino/hardware/tools/avr/bin/../lib/gcc/avr/4.9.2/../../../../avr/lib/avr5/crtatmega328p.o (exit)
c:/program files (x86)/arduino/hardware/tools/avr/bin/../lib/gcc/avr/4.9.2/avr5\libgcc.a(_copy_data.o)
                              main.o (__do_copy_data)
c:/program files (x86)/arduino/hardware/tools/avr/bin/../lib/gcc/avr/4.9.2/avr5\libgcc.a(_clear_bss.o)
                              ssd1306.o (__do_clear_bss)
c:/program files (x86)/arduino/hardware/tools/avr/bin/../lib/gcc/avr/4.9.2/avr5\libgcc.a(_udivmodhi4.o)
                              c:/program files (x86)/arduino/hardware/tools/avr/bin/../lib/gcc/avr/4.9.2/avr5\libgcc.a(_divmodhi4.o) (__udivmodhi4)
c:/program files (x86)/arduino/hardware/tools/avr/bin/../lib/gcc/avr/4.9.2/../../../../avr/lib/avr5\libc.a(memcpy.o)
                              stringfunctions.o (memcpy)
c:/program files (x86)/arduino/hardware/tools/avr/bin/../lib/gcc/avr/4.9.2/../../../../avr/lib/avr5\libc.a(memset.o)
                              ssd1306.o (memset)

Discarded input sections

 .data          0x00000000        0x0 c:/program files (x86)/arduino/hardware/tools/avr/bin/../lib/gcc/avr/4.9.2/../../../../avr/lib/avr5/crtatmega328p.o
 .bss           0x00000000        0x0 c:/program files (x86)/arduino/hardware/tools/avr/bin/../lib/gcc/avr/4.9.2/../../../../avr/lib/avr5/crtatmega328p.o
 .group         0x00000000        0x8 i2c.o
 .group         0x00000000        0x8 i2c.o
 .group         0x00000000        0x8 i2c.o
 .group         0x00000000        0x8 i2c.o
 .group         0x00000000        0x8 i2c.o
 .group         0x00000000        0x8 i2c.o
 .group         0x00000000        0x8 i2c.o
 .group         0x00000000        0x8 i2c.o
 .group         0x00000000        0x8 i2c.o
 .group         0x00000000        0x8 i2c.o
 .group         0x00000000        0x8 i2c.o
 .group         0x00000000        0x8 i2c.o
 .text          0x00000000        0x0 i2c.o
 .data          0x00000000        0x0 i2c.o
 .bss           0x00000000        0x0 i2c.o
 .text.start    0x00000000       0x10 i2c.o
 .text.stop     0x00000000       0x10 i2c.o
 .text.write    0x00000000       0x14 i2c.o
 .text.getStatus
                0x00000000        0x8 i2c.o
 .text.readAck  0x00000000       0x14 i2c.o
 .text.readNack
                0x00000000       0x14 i2c.o
 .text.i2cReadByte
                0x00000000       0x30 i2c.o
 .text.i2cReadLastByte
                0x00000000       0x14 i2c.o
 .text.masterRecieveData
                0x00000000      0x166 i2c.o
 .text.masterWriteData
                0x00000000       0xd6 i2c.o
 .group         0x00000000        0x8 main.o
 .group         0x00000000        0x8 main.o
 .group         0x00000000        0x8 main.o
 .group         0x00000000        0x8 main.o
 .group         0x00000000        0x8 main.o
 .group         0x00000000        0x8 main.o
 .group         0x00000000        0x8 main.o
 .group         0x00000000        0x8 main.o
 .group         0x00000000        0x8 main.o
 .group         0x00000000        0x8 main.o
 .group         0x00000000        0x8 main.o
 .group         0x00000000        0x8 main.o
 .group         0x00000000        0x8 main.o
 .group         0x00000000        0x8 main.o
 .group         0x00000000        0x8 main.o
 .group         0x00000000        0x8 main.o
 .group         0x00000000        0x8 main.o
 .group         0x00000000        0x8 main.o
 .group         0x00000000        0x8 main.o
 .group         0x00000000        0x8 main.o
 .text          0x00000000        0x0 main.o
 .data          0x00000000        0x0 main.o
 .bss           0x00000000        0x0 main.o
 .text.testCorners
                0x00000000       0x28 main.o
 .text.testCounter
                0x00000000       0x76 main.o
 .debug_macro   0x00000000      0xa4e main.o
 .debug_macro   0x00000000       0x10 main.o
 .debug_macro   0x00000000      0x1c9 main.o
 .debug_macro   0x00000000      0x2fc main.o
 .debug_macro   0x00000000       0x9e main.o
 .debug_macro   0x00000000     0x1410 main.o
 .debug_macro   0x00000000      0x13a main.o
 .debug_macro   0x00000000       0xbd main.o
 .debug_macro   0x00000000       0x34 main.o
 .debug_macro   0x00000000       0x18 main.o
 .debug_macro   0x00000000       0x6c main.o
 .group         0x00000000        0x8 ssd1306.o
 .group         0x00000000        0x8 ssd1306.o
 .group         0x00000000        0x8 ssd1306.o
 .group         0x00000000        0x8 ssd1306.o
 .group         0x00000000        0x8 ssd1306.o
 .group         0x00000000        0x8 ssd1306.o
 .group         0x00000000        0x8 ssd1306.o
 .group         0x00000000        0x8 ssd1306.o
 .group         0x00000000        0x8 ssd1306.o
 .group         0x00000000        0x8 ssd1306.o
 .group         0x00000000        0x8 ssd1306.o
 .group         0x00000000        0x8 ssd1306.o
 .group         0x00000000        0x8 ssd1306.o
 .group         0x00000000        0x8 ssd1306.o
 .group         0x00000000        0x8 ssd1306.o
 .group         0x00000000        0x8 ssd1306.o
 .group         0x00000000        0x8 ssd1306.o
 .group         0x00000000        0x8 ssd1306.o
 .text          0x00000000        0x0 ssd1306.o
 .data          0x00000000        0x0 ssd1306.o
 .bss           0x00000000        0x0 ssd1306.o
 .text.ssd1306SendCommand
                0x00000000       0x1e ssd1306.o
 .text.ssd1306SendData
                0x00000000       0x1e ssd1306.o
 .text.ssd1306LocationXY
                0x00000000       0x64 ssd1306.o
 .text.ssd1306DrawPixel
                0x00000000       0xc2 ssd1306.o
 .text.ssd1306SelectWholeBuffer
                0x00000000       0x36 ssd1306.o
 .text.ssd1306TestFont
                0x00000000       0x78 ssd1306.o
 .text.ssd1306FillBuffer
                0x00000000       0x10 ssd1306.o
 .text.ssd1306SetContrast
                0x00000000       0x24 ssd1306.o
 .text.ssd1306SetCharSize
                0x00000000        0x2 ssd1306.o
 .debug_macro   0x00000000      0xa4e ssd1306.o
 .debug_macro   0x00000000       0x10 ssd1306.o
 .debug_macro   0x00000000      0x1c9 ssd1306.o
 .debug_macro   0x00000000      0x2fc ssd1306.o
 .debug_macro   0x00000000       0x9e ssd1306.o
 .debug_macro   0x00000000     0x1410 ssd1306.o
 .debug_macro   0x00000000      0x13a ssd1306.o
 .debug_macro   0x00000000       0xbd ssd1306.o
 .debug_macro   0x00000000       0x34 ssd1306.o
 .debug_macro   0x00000000       0x18 ssd1306.o
 .debug_macro   0x00000000       0x6c ssd1306.o
 .debug_macro   0x00000000       0x10 ssd1306.o
 .debug_macro   0x00000000       0x89 ssd1306.o
 .debug_macro   0x00000000       0xee ssd1306.o
 .debug_macro   0x00000000       0x1c ssd1306.o
 .debug_macro   0x00000000       0x16 ssd1306.o
 .debug_macro   0x00000000       0x20 ssd1306.o
 .debug_macro   0x00000000       0x9a ssd1306.o
 .group         0x00000000        0x8 ssd1306Fonts.o
 .group         0x00000000        0x8 ssd1306Fonts.o
 .group         0x00000000        0x8 ssd1306Fonts.o
 .group         0x00000000        0x8 ssd1306Fonts.o
 .group         0x00000000        0x8 ssd1306Fonts.o
 .group         0x00000000        0x8 ssd1306Fonts.o
 .group         0x00000000        0x8 ssd1306Fonts.o
 .group         0x00000000        0x8 ssd1306Fonts.o
 .group         0x00000000        0x8 ssd1306Fonts.o
 .group         0x00000000        0x8 ssd1306Fonts.o
 .group         0x00000000        0x8 ssd1306Fonts.o
 .group         0x00000000        0x8 ssd1306Fonts.o
 .group         0x00000000        0x8 ssd1306Fonts.o
 .group         0x00000000        0x8 ssd1306Fonts.o
 .group         0x00000000        0x8 ssd1306Fonts.o
 .group         0x00000000        0x8 ssd1306Fonts.o
 .group         0x00000000        0x8 ssd1306Fonts.o
 .group         0x00000000        0x8 ssd1306Fonts.o
 .text          0x00000000        0x0 ssd1306Fonts.o
 .data          0x00000000        0x0 ssd1306Fonts.o
 .bss           0x00000000        0x0 ssd1306Fonts.o
 .debug_macro   0x00000000      0xa4e ssd1306Fonts.o
 .debug_macro   0x00000000       0x10 ssd1306Fonts.o
 .debug_macro   0x00000000      0x1c9 ssd1306Fonts.o
 .debug_macro   0x00000000      0x2fc ssd1306Fonts.o
 .debug_macro   0x00000000       0x9e ssd1306Fonts.o
 .debug_macro   0x00000000     0x1410 ssd1306Fonts.o
 .debug_macro   0x00000000      0x13a ssd1306Fonts.o
 .debug_macro   0x00000000       0xbd ssd1306Fonts.o
 .debug_macro   0x00000000       0x34 ssd1306Fonts.o
 .debug_macro   0x00000000       0x18 ssd1306Fonts.o
 .debug_macro   0x00000000       0x6c ssd1306Fonts.o
 .debug_macro   0x00000000       0x10 ssd1306Fonts.o
 .debug_macro   0x00000000       0x89 ssd1306Fonts.o
 .debug_macro   0x00000000       0xee ssd1306Fonts.o
 .debug_macro   0x00000000       0x1c ssd1306Fonts.o
 .debug_macro   0x00000000       0x16 ssd1306Fonts.o
 .debug_macro   0x00000000       0x20 ssd1306Fonts.o
 .debug_macro   0x00000000       0x9a ssd1306Fonts.o
 .group         0x00000000        0x8 ssd1306FlashStore.o
 .group         0x00000000        0x8 ssd1306FlashStore.o
 .group         0x00000000        0x8 ssd1306FlashStore.o
 .group         0x00000000        0x8 ssd1306FlashStore.o
 .group         0x00000000        0x8 ssd1306FlashStore.o
 .group         0x00000000        0x8 ssd1306FlashStore.o
 .group         0x00000000        0x8 ssd1306FlashStore.o
 .group         0x00000000        0x8 ssd1306FlashStore.o
 .group         0x00000000        0x8 ssd1306FlashStore.o
 .group         0x00000000        0x8 ssd1306FlashStore.o
 .group         0x00000000        0x8 ssd1306FlashStore.o
 .group         0x00000000        0x8 ssd1306FlashStore.o
 .group         0x00000000        0x8 ssd1306FlashStore.o
 .group         0x00000000        0x8 ssd1306FlashStore.o
 .group         0x00000000        0x8 ssd1306FlashStore.o
 .group         0x00000000        0x8 ssd1306FlashStore.o
 .group         0x00000000        0x8 ssd1306FlashStore.o
 .group         0x00000000        0x8 ssd1306FlashStore.o
 .text          0x00000000        0x0 ssd1306FlashStore.o
 .data          0x00000000        0x0 ssd1306FlashStore.o
 .bss           0x00000000        0x0 ssd1306FlashStore.o
 .progmem.data.ssd1306_gddram_test
                0x00000000      0x400 ssd1306FlashStore.o
 .debug_macro   0x00000000      0xa4e ssd1306FlashStore.o
 .debug_macro   0x00000000       0x10 ssd1306FlashStore.o
 .debug_macro   0x00000000      0x1c9 ssd1306FlashStore.o
 .debug_macro   0x00000000      0x2fc ssd1306FlashStore.o
 .debug_macro   0x00000000       0x9e ssd1306FlashStore.o
 .debug_macro   0x00000000     0x1410 ssd1306FlashStore.o
 .debug_macro   0x00000000      0x13a ssd1306FlashStore.o
 .debug_macro   0x00000000       0xbd ssd1306FlashStore.o
 .debug_macro   0x00000000       0x34 ssd1306FlashStore.o
 .debug_macro   0x00000000       0x18 ssd1306FlashStore.o
 .debug_macro   0x00000000       0x6c ssd1306FlashStore.o
 .debug_macro   0x00000000       0x10 ssd1306FlashStore.o
 .debug_macro   0x00000000       0x89 ssd1306FlashStore.o
 .debug_macro   0x00000000       0xee ssd1306FlashStore.o
 .debug_macro   0x00000000       0x1c ssd1306FlashStore.o
 .debug_macro   0x00000000       0x16 ssd1306FlashStore.o
 .debug_macro   0x00000000       0x20 ssd1306FlashStore.o
 .debug_macro   0x00000000       0x9a ssd1306FlashStore.o
 .group         0x00000000        0x8 stringfunctions.o
 .group         0x00000000        0x8 stringfunctions.o
 .group         0x00000000        0x8 stringfunctions.o
 .group         0x00000000        0x8 stringfunctions.o
 .text          0x00000000        0x0 stringfunctions.o
 .data          0x00000000        0x0 stringfunctions.o
 .bss           0x00000000        0x0 stringfunctions.o
 .text.sprintf2
                0x00000000      0x1fe stringfunctions.o
 .debug_info    0x00000000      0x1be stringfunctions.o
 .debug_abbrev  0x00000000       0xf6 stringfunctions.o
 .debug_loc     0x00000000      0x539 stringfunctions.o
 .debug_aranges
                0x00000000       0x20 stringfunctions.o
 .debug_ranges  0x00000000       0x30 stringfunctions.o
 .debug_macro   0x00000000       0x32 stringfunctions.o
 .debug_macro   0x00000000      0xa4e stringfunctions.o
 .debug_macro   0x00000000       0x16 stringfunctions.o
 .debug_macro   0x00000000       0x97 stringfunctions.o
 .debug_macro   0x00000000       0x16 stringfunctions.o
 .debug_line    0x00000000      0x21a stringfunctions.o
 .debug_str     0x00000000     0x2ece stringfunctions.o
 .comment       0x00000000       0x12 stringfunctions.o
 .debug_frame   0x00000000       0x84 stringfunctions.o
 .text          0x00000000        0x0 c:/program files (x86)/arduino/hardware/tools/avr/bin/../lib/gcc/avr/4.9.2/avr5\libgcc.a(_divmodhi4.o)
 .data          0x00000000        0x0 c:/program files (x86)/arduino/hardware/tools/avr/bin/../lib/gcc/avr/4.9.2/avr5\libgcc.a(_divmodhi4.o)
 .bss           0x00000000        0x0 c:/program files (x86)/arduino/hardware/tools/avr/bin/../lib/gcc/avr/4.9.2/avr5\libgcc.a(_divmodhi4.o)
 .text.libgcc.mul
                0x00000000        0x0 c:/program files (x86)/arduino/hardware/tools/avr/bin/../lib/gcc/avr/4.9.2/avr5\libgcc.a(_divmodhi4.o)
 .text.libgcc.div
                0x00000000       0x28 c:/program files (x86)/arduino/hardware/tools/avr/bin/../lib/gcc/avr/4.9.2/avr5\libgcc.a(_divmodhi4.o)
 .text.libgcc   0x00000000        0x0 c:/program files (x86)/arduino/hardware/tools/avr/bin/../lib/gcc/avr/4.9.2/avr5\libgcc.a(_divmodhi4.o)
 .text.libgcc.prologue
                0x00000000        0x0 c:/program files (x86)/arduino/hardware/tools/avr/bin/../lib/gcc/avr/4.9.2/avr5\libgcc.a(_divmodhi4.o)
 .text.libgcc.builtins
                0x00000000        0x0 c:/program files (x86)/arduino/hardware/tools/avr/bin/../lib/gcc/avr/4.9.2/avr5\libgcc.a(_divmodhi4.o)
 .text.libgcc.fmul
                0x00000000        0x0 c:/program files (x86)/arduino/hardware/tools/avr/bin/../lib/gcc/avr/4.9.2/avr5\libgcc.a(_divmodhi4.o)
 .text.libgcc.fixed
                0x00000000        0x0 c:/program files (x86)/arduino/hardware/tools/avr/bin/../lib/gcc/avr/4.9.2/avr5\libgcc.a(_divmodhi4.o)
 .text          0x00000000        0x0 c:/program files (x86)/arduino/hardware/tools/avr/bin/../lib/gcc/avr/4.9.2/avr5\libgcc.a(_exit.o)
 .data          0x00000000        0x0 c:/program files (x86)/arduino/hardware/tools/avr/bin/../lib/gcc/avr/4.9.2/avr5\libgcc.a(_exit.o)
 .bss           0x00000000        0x0 c:/program files (x86)/arduino/hardware/tools/avr/bin/../lib/gcc/avr/4.9.2/avr5\libgcc.a(_exit.o)
 .text.libgcc.mul
                0x00000000        0x0 c:/program files (x86)/arduino/hardware/tools/avr/bin/../lib/gcc/avr/4.9.2/avr5\libgcc.a(_exit.o)
 .text.libgcc.div
                0x00000000        0x0 c:/program files (x86)/arduino/hardware/tools/avr/bin/../lib/gcc/avr/4.9.2/avr5\libgcc.a(_exit.o)
 .text.libgcc   0x00000000        0x0 c:/program files (x86)/arduino/hardware/tools/avr/bin/../lib/gcc/avr/4.9.2/avr5\libgcc.a(_exit.o)
 .text.libgcc.prologue
                0x00000000        0x0 c:/program files (x86)/arduino/hardware/tools/avr/bin/../lib/gcc/avr/4.9.2/avr5\libgcc.a(_exit.o)
 .text.libgcc.builtins
                0x00000000        0x0 c:/program files (x86)/arduino/hardware/tools/avr/bin/../lib/gcc/avr/4.9.2/avr5\libgcc.a(_exit.o)
 .text.libgcc.fmul
                0x00000000        0x0 c:/program files (x86)/arduino/hardware/tools/avr/bin/../lib/gcc/avr/4.9.2/avr5\libgcc.a(_exit.o)
 .text.libgcc.fixed
                0x00000000        0x0 c:/program files (x86)/arduino/hardware/tools/avr/bin/../lib/gcc/avr/4.9.2/avr5\libgcc.a(_exit.o)
 .text          0x00000000        0x0 c:/program files (x86)/arduino/hardware/tools/avr/bin/../lib/gcc/avr/4.9.2/avr5\libgcc.a(_copy_data.o)
 .data          0x00000000        0x0 c:/program files (x86)/arduino/hardware/tools/avr/bin/../lib/gcc/avr/4.9.2/avr5\libgcc.a(_copy_data.o)
 .bss           0x00000000        0x0 c:/program files (x86)/arduino/hardware/tools/avr/bin/../lib/gcc/avr/4.9.2/avr5\libgcc.a(_copy_data.o)
 .text.libgcc.mul
                0x00000000        0x0 c:/program files (x86)/arduino/hardware/tools/avr/bin/../lib/gcc/avr/4.9.2/avr5\libgcc.a(_copy_data.o)
 .text.libgcc.div
                0x00000000        0x0 c:/program files (x86)/arduino/hardware/tools/avr/bin/../lib/gcc/avr/4.9.2/avr5\libgcc.a(_copy_data.o)
 .text.libgcc   0x00000000        0x0 c:/program files (x86)/arduino/hardware/tools/avr/bin/../lib/gcc/avr/4.9.2/avr5\libgcc.a(_copy_data.o)
 .text.libgcc.prologue
                0x00000000        0x0 c:/program files (x86)/arduino/hardware/tools/avr/bin/../lib/gcc/avr/4.9.2/avr5\libgcc.a(_copy_data.o)
 .text.libgcc.builtins
                0x00000000        0x0 c:/program files (x86)/arduino/hardware/tools/avr/bin/../lib/gcc/avr/4.9.2/avr5\libgcc.a(_copy_data.o)
 .text.libgcc.fmul
                0x00000000        0x0 c:/program files (x86)/arduino/hardware/tools/avr/bin/../lib/gcc/avr/4.9.2/avr5\libgcc.a(_copy_data.o)
 .text.libgcc.fixed
                0x00000000        0x0 c:/program files (x86)/arduino/hardware/tools/avr/bin/../lib/gcc/avr/4.9.2/avr5\libgcc.a(_copy_data.o)
 .text          0x00000000        0x0 c:/program files (x86)/arduino/hardware/tools/avr/bin/../lib/gcc/avr/4.9.2/avr5\libgcc.a(_clear_bss.o)
 .data          0x00000000        0x0 c:/program files (x86)/arduino/hardware/tools/avr/bin/../lib/gcc/avr/4.9.2/avr5\libgcc.a(_clear_bss.o)
 .bss           0x00000000        0x0 c:/program files (x86)/arduino/hardware/tools/avr/bin/../lib/gcc/avr/4.9.2/avr5\libgcc.a(_clear_bss.o)
 .text.libgcc.mul
                0x00000000        0x0 c:/program files (x86)/arduino/hardware/tools/avr/bin/../lib/gcc/avr/4.9.2/avr5\libgcc.a(_clear_bss.o)
 .text.libgcc.div
                0x00000000        0x0 c:/program files (x86)/arduino/hardware/tools/avr/bin/../lib/gcc/avr/4.9.2/avr5\libgcc.a(_clear_bss.o)
 .text.libgcc   0x00000000        0x0 c:/program files (x86)/arduino/hardware/tools/avr/bin/../lib/gcc/avr/4.9.2/avr5\libgcc.a(_clear_bss.o)
 .text.libgcc.prologue
                0x00000000        0x0 c:/program files (x86)/arduino/hardware/tools/avr/bin/../lib/gcc/avr/4.9.2/avr5\libgcc.a(_clear_bss.o)
 .text.libgcc.builtins
                0x00000000        0x0 c:/program files (x86)/arduino/hardware/tools/avr/bin/../lib/gcc/avr/4.9.2/avr5\libgcc.a(_clear_bss.o)
 .text.libgcc.fmul
                0x00000000        0x0 c:/program files (x86)/arduino/hardware/tools/avr/bin/../lib/gcc/avr/4.9.2/avr5\libgcc.a(_clear_bss.o)
 .text.libgcc.fixed
                0x00000000        0x0 c:/program files (x86)/arduino/hardware/tools/avr/bin/../lib/gcc/avr/4.9.2/avr5\libgcc.a(_clear_bss.o)
 .text          0x00000000        0x0 c:/program files (x86)/arduino/hardware/tools/avr/bin/../lib/gcc/avr/4.9.2/avr5\libgcc.a(_udivmodhi4.o)
 .data          0x00000000        0x0 c:/program files (x86)/arduino/hardware/tools/avr/bin/../lib/gcc/avr/4.9.2/avr5\libgcc.a(_udivmodhi4.o)
 .bss           0x00000000        0x0 c:/program files (x86)/arduino/hardware/tools/avr/bin/../lib/gcc/avr/4.9.2/avr5\libgcc.a(_udivmodhi4.o)
 .text.libgcc.mul
                0x00000000        0x0 c:/program files (x86)/arduino/hardware/tools/avr/bin/../lib/gcc/avr/4.9.2/avr5\libgcc.a(_udivmodhi4.o)
 .text.libgcc.div
                0x00000000       0x28 c:/program files (x86)/arduino/hardware/tools/avr/bin/../lib/gcc/avr/4.9.2/avr5\libgcc.a(_udivmodhi4.o)
 .text.libgcc   0x00000000        0x0 c:/program files (x86)/arduino/hardware/tools/avr/bin/../lib/gcc/avr/4.9.2/avr5\libgcc.a(_udivmodhi4.o)
 .text.libgcc.prologue
                0x00000000        0x0 c:/program files (x86)/arduino/hardware/tools/avr/bin/../lib/gcc/avr/4.9.2/avr5\libgcc.a(_udivmodhi4.o)
 .text.libgcc.builtins
                0x00000000        0x0 c:/program files (x86)/arduino/hardware/tools/avr/bin/../lib/gcc/avr/4.9.2/avr5\libgcc.a(_udivmodhi4.o)
 .text.libgcc.fmul
                0x00000000        0x0 c:/program files (x86)/arduino/hardware/tools/avr/bin/../lib/gcc/avr/4.9.2/avr5\libgcc.a(_udivmodhi4.o)
 .text.libgcc.fixed
                0x00000000        0x0 c:/program files (x86)/arduino/hardware/tools/avr/bin/../lib/gcc/avr/4.9.2/avr5\libgcc.a(_udivmodhi4.o)
 .text          0x00000000        0x0 c:/program files (x86)/arduino/hardware/tools/avr/bin/../lib/gcc/avr/4.9.2/../../../../avr/lib/avr5\libc.a(memcpy.o)
 .data          0x00000000        0x0 c:/program files (x86)/arduino/hardware/tools/avr/bin/../lib/gcc/avr/4.9.2/../../../../avr/lib/avr5\libc.a(memcpy.o)
 .bss           0x00000000        0x0 c:/program files (x86)/arduino/hardware/tools/avr/bin/../lib/gcc/avr/4.9.2/../../../../avr/lib/avr5\libc.a(memcpy.o)
 .text.avr-libc
                0x00000000       0x12 c:/program files (x86)/arduino/hardware/tools/avr/bin/../lib/gcc/avr/4.9.2/../../../../avr/lib/avr5\libc.a(memcpy.o)
 .text          0x00000000        0x0 c:/program files (x86)/arduino/hardware/tools/avr/bin/../lib/gcc/avr/4.9.2/../../../../avr/lib/avr5\libc.a(memset.o)
 .data          0x00000000        0x0 c:/program files (x86)/arduino/hardware/tools/avr/bin/../lib/gcc/avr/4.9.2/../../../../avr/lib/avr5\libc.a(memset.o)
 .bss           0x00000000        0x0 c:/program files (x86)/arduino/hardware/tools/avr/bin/../lib/gcc/avr/4.9.2/../../../../avr/lib/avr5\libc.a(memset.o)
 .text.avr-libc
                0x00000000        0xe c:/program files (x86)/arduino/hardware/tools/avr/bin/../lib/gcc/avr/4.9.2/../../../../avr/lib/avr5\libc.a(memset.o)

Memory Configuration

Name             Origin             Length             Attributes
text             0x00000000         0x00020000         xr
data             0x00800060         0x0000ffa0         rw !x
eeprom           0x00810000         0x00010000         rw !x
fuse             0x00820000         0x00000003         rw !x
lock             0x00830000         0x00000400         rw !x
signature        0x00840000         0x00000400         rw !x
user_signatures  0x00850000         0x00000400         rw !x
*default*        0x00000000         0xffffffff

Linker script and memory map

Address of section .data set to 0x800100
LOAD c:/program files (x86)/arduino/hardware/tools/avr/bin/../lib/gcc/avr/4.9.2/../../../../avr/lib/avr5/crtatmega328p.o
LOAD i2c.o
LOAD main.o
LOAD ssd1306.o
LOAD ssd1306Fonts.o
LOAD ssd1306FlashStore.o
LOAD stringfunctions.o
START GROUP
LOAD c:/program files (x86)/arduino/hardware/tools/avr/bin/../lib/gcc/avr/4.9.2/../../../../avr/lib/avr5\libm.a
END GROUP
START GROUP
LOAD c:/program files (x86)/arduino/hardware/tools/avr/bin/../lib/gcc/avr/4.9.2/avr5\libgcc.a
LOAD c:/program files (x86)/arduino/hardware/tools/avr/bin/../lib/gcc/avr/4.9.2/../../../../avr/lib/avr5\libm.a
LOAD c:/program files (x86)/arduino/hardware/tools/avr/bin/../lib/gcc/avr/4.9.2/../../../../avr/lib/avr5\libc.a
LOAD c:/program files (x86)/arduino/hardware/tools/avr/bin/../lib/gcc/avr/4.9.2/../../../../avr/lib/avr5\libatmega328p.a
END GROUP
                0x00020000                __TEXT_REGION_LENGTH__ = DEFINED (__TEXT_REGION_LENGTH__)?__TEXT_REGION_LENGTH__:0x20000
                0x0000ffa0                __DATA_REGION_LENGTH__ = DEFINED (__DATA_REGION_LENGTH__)?__DATA_REGION_LENGTH__:0xffa0
                0x00010000                __EEPROM_REGION_LENGTH__ = DEFINED (__EEPROM_REGION_LENGTH__)?__EEPROM_REGION_LENGTH__:0x10000
                [0x00000003]                __FUSE_REGION_LENGTH__ = DEFINED (__FUSE_REGION_LENGTH__)?__FUSE_REGION_LENGTH__:0x400
                0x00000400                __LOCK_REGION_LENGTH__ = DEFINED (__LOCK_REGION_LENGTH__)?__LOCK_REGION_LENGTH__:0x400
                0x00000400                __SIGNATURE_REGION_LENGTH__ = DEFINED (__SIGNATURE_REGION_LENGTH__)?__SIGNATURE_REGION_LENGTH__:0x400
                0x00000400                __USER_SIGNATURE_REGION_LENGTH__ = DEFINED (__USER_SIGNATURE_REGION_LENGTH__)?__USER_SIGNATURE_REGION_LENGTH__:0x400

.hash
 *(.hash)

.dynsym
 *(.dynsym)

.dynstr
 *(.dynstr)

.gnu.version
 *(.gnu.version)

.gnu.version_d
 *(.gnu.version_d)

.gnu.version_r
 *(.gnu.version_r)

.rel.init
 *(.rel.init)

.rela.init
 *(.rela.init)

.rel.text
 *(.rel.text)
 *(.rel.text.*)
 *(.rel.gnu.linkonce.t*)

.rela.text
 *(.rela.text)
 *(.rela.text.*)
 *(.rela.gnu.linkonce.t*)

.rel.fini
 *(.rel.fini)

.rela.fini
 *(.rela.fini)

.rel.rodata
 *(.rel.rodata)
 *(.rel.rodata.*)
 *(.rel.gnu.linkonce.r*)

.rela.rodata
 *(.rela.rodata)
 *(.rela.rodata.*)
 *(.rela.gnu.linkonce.r*)

.rel.data
 *(.rel.data)
 *(.rel.data.*)
 *(.rel.gnu.linkonce.d*)

.rela.data
 *(.rela.data)
 *(.rela.data.*)
 *(.rela.gnu.linkonce.d*)

.rel.ctors
 *(.rel.ctors)

.rela.ctors
 *(.rela.ctors)

.rel.dtors
 *(.rel.dtors)

.rela.dtors
 *(.rela.dtors)

.rel.got
 *(.rel.got)

.rela.got
 *(.rela.got)

.rel.bss
 *(.rel.bss)

.rela.bss
 *(.rela.bss)

.rel.plt
 *(.rel.plt)

.rela.plt
 *(.rela.plt)

.text           0x00000000      0x760
 *(.vectors)
 .vectors       0x00000000       0x68 c:/program files (x86)/arduino/hardware/tools/avr/bin/../lib/gcc/avr/4.9.2/../../../../avr/lib/avr5/crtatmega328p.o
                0x00000000                __vector_default
                0x00000000                __vectors
 *(.vectors)
 *(.progmem.gcc*)
                0x00000068                . = ALIGN (0x2)
                0x00000068                __trampolines_start = .
 *(.trampolines)
 .trampolines   0x00000068        0x0 linker stubs
 *(.trampolines*)
                0x00000068                __trampolines_end = .
 *libprintf_flt.a:*(.progmem.data)
 *libc.a:*(.progmem.data)
 *(.progmem*)
 .progmem.data.ssd1306_font
                0x00000068      0x300 ssd1306Fonts.o
                0x00000068                ssd1306_font
 .progmem.data.ssd1306_initialization_values
                0x00000368       0x18 ssd1306FlashStore.o
                0x00000368                ssd1306_initialization_values
                0x00000380                . = ALIGN (0x2)
 *(.jumptables)
 *(.jumptables*)
 *(.lowtext)
 *(.lowtext*)
                0x00000380                __ctors_start = .
 *(.ctors)
                0x00000380                __ctors_end = .
                0x00000380                __dtors_start = .
 *(.dtors)
                0x00000380                __dtors_end = .
 SORT(*)(.ctors)
 SORT(*)(.dtors)
 *(.init0)
 .init0         0x00000380        0x0 c:/program files (x86)/arduino/hardware/tools/avr/bin/../lib/gcc/avr/4.9.2/../../../../avr/lib/avr5/crtatmega328p.o
                0x00000380                __init
 *(.init0)
 *(.init1)
 *(.init1)
 *(.init2)
 .init2         0x00000380        0xc c:/program files (x86)/arduino/hardware/tools/avr/bin/../lib/gcc/avr/4.9.2/../../../../avr/lib/avr5/crtatmega328p.o
 *(.init2)
 *(.init3)
 *(.init3)
 *(.init4)
 .init4         0x0000038c       0x16 c:/program files (x86)/arduino/hardware/tools/avr/bin/../lib/gcc/avr/4.9.2/avr5\libgcc.a(_copy_data.o)
                0x0000038c                __do_copy_data
 .init4         0x000003a2       0x10 c:/program files (x86)/arduino/hardware/tools/avr/bin/../lib/gcc/avr/4.9.2/avr5\libgcc.a(_clear_bss.o)
                0x000003a2                __do_clear_bss
 *(.init4)
 *(.init5)
 *(.init5)
 *(.init6)
 *(.init6)
 *(.init7)
 *(.init7)
 *(.init8)
 *(.init8)
 *(.init9)
 .init9         0x000003b2        0x8 c:/program files (x86)/arduino/hardware/tools/avr/bin/../lib/gcc/avr/4.9.2/../../../../avr/lib/avr5/crtatmega328p.o
 *(.init9)
 *(.text)
 .text          0x000003ba        0x4 c:/program files (x86)/arduino/hardware/tools/avr/bin/../lib/gcc/avr/4.9.2/../../../../avr/lib/avr5/crtatmega328p.o
                0x000003ba                __vector_22
                0x000003ba                __vector_1
                0x000003ba                __vector_24
                0x000003ba                __vector_12
                0x000003ba                __bad_interrupt
                0x000003ba                __vector_6
                0x000003ba                __vector_3
                0x000003ba                __vector_23
                0x000003ba                __vector_25
                0x000003ba                __vector_11
                0x000003ba                __vector_13
                0x000003ba                __vector_17
                0x000003ba                __vector_19
                0x000003ba                __vector_7
                0x000003ba                __vector_5
                0x000003ba                __vector_4
                0x000003ba                __vector_9
                0x000003ba                __vector_2
                0x000003ba                __vector_21
                0x000003ba                __vector_15
                0x000003ba                __vector_8
                0x000003ba                __vector_14
                0x000003ba                __vector_10
                0x000003ba                __vector_16
                0x000003ba                __vector_18
                0x000003ba                __vector_20
                0x000003be                . = ALIGN (0x2)
 *(.text.*)
 .text.i2cSet   0x000003be       0x10 i2c.o
                0x000003be                i2cSet
 .text.i2cDelayedStart
                0x000003ce       0xa6 i2c.o
                0x000003ce                i2cDelayedStart
 .text.i2cWrite
                0x00000474       0x32 i2c.o
                0x00000474                i2cWrite
 .text.i2cStop  0x000004a6       0x10 i2c.o
                0x000004a6                i2cStop
 .text.testHelloWorld
                0x000004b6       0x14 main.o
                0x000004b6                testHelloWorld
 .text.startup.main
                0x000004ca       0x12 main.o
                0x000004ca                main
 .text.ssd1306Initialize
                0x000004dc       0x30 ssd1306.o
                0x000004dc                ssd1306Initialize
 .text.ssd1306ClearDisplay
                0x0000050c       0x76 ssd1306.o
                0x0000050c                ssd1306ClearDisplay
 .text.ssd1306TransferBuffer
                0x00000582       0x62 ssd1306.o
                0x00000582                ssd1306TransferBuffer
 .text.ssd1306Print
                0x000005e4      0x178 ssd1306.o
                0x000005e4                ssd1306Print
                0x0000075c                . = ALIGN (0x2)
 *(.fini9)
 .fini9         0x0000075c        0x0 c:/program files (x86)/arduino/hardware/tools/avr/bin/../lib/gcc/avr/4.9.2/avr5\libgcc.a(_exit.o)
                0x0000075c                _exit
                0x0000075c                exit
 *(.fini9)
 *(.fini8)
 *(.fini8)
 *(.fini7)
 *(.fini7)
 *(.fini6)
 *(.fini6)
 *(.fini5)
 *(.fini5)
 *(.fini4)
 *(.fini4)
 *(.fini3)
 *(.fini3)
 *(.fini2)
 *(.fini2)
 *(.fini1)
 *(.fini1)
 *(.fini0)
 .fini0         0x0000075c        0x4 c:/program files (x86)/arduino/hardware/tools/avr/bin/../lib/gcc/avr/4.9.2/avr5\libgcc.a(_exit.o)
 *(.fini0)
                0x00000760                _etext = .

.data           0x00800100       0x24 load address 0x00000760
                0x00800100                PROVIDE (__data_start, .)
 *(.data)
 *(.data*)
 *(.rodata)
 *(.rodata*)
 .rodata.str1.1
                0x00800100       0x24 main.o
 *(.gnu.linkonce.d*)
                0x00800124                . = ALIGN (0x2)
                0x00800124                _edata = .
                0x00800124                PROVIDE (__data_end, .)

.bss            0x00800124      0x400
                0x00800124                PROVIDE (__bss_start, .)
 *(.bss)
 *(.bss*)
 .bss.ssd1306_gddram_buffer
                0x00800124      0x400 ssd1306.o
                0x00800124                ssd1306_gddram_buffer
 *(COMMON)
                0x00800524                PROVIDE (__bss_end, .)
                0x00000760                __data_load_start = LOADADDR (.data)
                0x00000784                __data_load_end = (__data_load_start + SIZEOF (.data))

.noinit         0x00800524        0x0
                [!provide]                PROVIDE (__noinit_start, .)
 *(.noinit*)
                [!provide]                PROVIDE (__noinit_end, .)
                0x00800524                _end = .
                [!provide]                PROVIDE (__heap_start, .)

.eeprom         0x00810000        0x0
 *(.eeprom*)
                0x00810000                __eeprom_end = .

.fuse
 *(.fuse)
 *(.lfuse)
 *(.hfuse)
 *(.efuse)

.lock
 *(.lock*)

.signature
 *(.signature*)

.user_signatures
 *(.user_signatures*)

.stab
 *(.stab)

.stabstr
 *(.stabstr)

.stab.excl
 *(.stab.excl)

.stab.exclstr
 *(.stab.exclstr)

.stab.index
 *(.stab.index)

.stab.indexstr
 *(.stab.indexstr)

.comment        0x00000000       0x11
 *(.comment)
 .comment       0x00000000       0x11 i2c.o
                                 0x12 (size before relaxing)
 .comment       0x00000011       0x12 main.o
 .comment       0x00000011       0x12 ssd1306.o
 .comment       0x00000011       0x12 ssd1306Fonts.o
 .comment       0x00000011       0x12 ssd1306FlashStore.o

.note.gnu.avr.deviceinfo
                0x00000000       0x40
 .note.gnu.avr.deviceinfo
                0x00000000       0x40 c:/program files (x86)/arduino/hardware/tools/avr/bin/../lib/gcc/avr/4.9.2/../../../../avr/lib/avr5/crtatmega328p.o

.note.gnu.build-id
 *(.note.gnu.build-id)

.debug
 *(.debug)

.line
 *(.line)

.debug_srcinfo
 *(.debug_srcinfo)

.debug_sfnames
 *(.debug_sfnames)

.debug_aranges  0x00000000      0x170
 *(.debug_aranges)
 .debug_aranges
                0x00000000       0x88 i2c.o
 .debug_aranges
                0x00000088       0x38 main.o
 .debug_aranges
                0x000000c0       0x80 ssd1306.o
 .debug_aranges
                0x00000140       0x18 ssd1306Fonts.o
 .debug_aranges
                0x00000158       0x18 ssd1306FlashStore.o

.debug_pubnames
 *(.debug_pubnames)

.debug_info     0x00000000     0x1ed6
 *(.debug_info .gnu.linkonce.wi.*)
 .debug_info    0x00000000      0x5f4 c:/program files (x86)/arduino/hardware/tools/avr/bin/../lib/gcc/avr/4.9.2/../../../../avr/lib/avr5/crtatmega328p.o
 .debug_info    0x000005f4      0x7d8 i2c.o
 .debug_info    0x00000dcc      0x3b9 main.o
 .debug_info    0x00001185      0xc01 ssd1306.o
 .debug_info    0x00001d86       0x95 ssd1306Fonts.o
 .debug_info    0x00001e1b       0xbb ssd1306FlashStore.o

.debug_abbrev   0x00000000      0xd2b
 *(.debug_abbrev)
 .debug_abbrev  0x00000000      0x5a2 c:/program files (x86)/arduino/hardware/tools/avr/bin/../lib/gcc/avr/4.9.2/../../../../avr/lib/avr5/crtatmega328p.o
 .debug_abbrev  0x000005a2      0x20d i2c.o
 .debug_abbrev  0x000007af      0x1d3 main.o
 .debug_abbrev  0x00000982      0x2ed ssd1306.o
 .debug_abbrev  0x00000c6f       0x53 ssd1306Fonts.o
 .debug_abbrev  0x00000cc2       0x69 ssd1306FlashStore.o

.debug_line     0x00000000     0x1567
 *(.debug_line .debug_line.* .debug_line_end)
 .debug_line    0x00000000       0x1a c:/program files (x86)/arduino/hardware/tools/avr/bin/../lib/gcc/avr/4.9.2/../../../../avr/lib/avr5/crtatmega328p.o
 .debug_line    0x0000001a      0x721 i2c.o
 .debug_line    0x0000073b      0x36c main.o
 .debug_line    0x00000aa7      0x69b ssd1306.o
 .debug_line    0x00001142      0x210 ssd1306Fonts.o
 .debug_line    0x00001352      0x215 ssd1306FlashStore.o

.debug_frame    0x00000000      0x2b8
 *(.debug_frame)
 .debug_frame   0x00000000       0xfc i2c.o
 .debug_frame   0x000000fc       0x70 main.o
 .debug_frame   0x0000016c      0x14c ssd1306.o

.debug_str      0x00000000     0x88e3
 *(.debug_str)
 .debug_str     0x00000000      0x208 c:/program files (x86)/arduino/hardware/tools/avr/bin/../lib/gcc/avr/4.9.2/../../../../avr/lib/avr5/crtatmega328p.o
 .debug_str     0x00000208     0x68c6 i2c.o
                               0x6984 (size before relaxing)
 .debug_str     0x00006ace     0x1c48 main.o
                               0x8447 (size before relaxing)
 .debug_str     0x00008716      0x18c ssd1306.o
                               0x81d6 (size before relaxing)
 .debug_str     0x000088a2       0x14 ssd1306Fonts.o
                               0x7fa0 (size before relaxing)
 .debug_str     0x000088b6       0x2d ssd1306FlashStore.o
                               0x7fcd (size before relaxing)

.debug_loc      0x00000000     0x1212
 *(.debug_loc)
 .debug_loc     0x00000000      0x517 i2c.o
 .debug_loc     0x00000517       0x86 main.o
 .debug_loc     0x0000059d      0xc75 ssd1306.o

.debug_macinfo
 *(.debug_macinfo)

.debug_weaknames
 *(.debug_weaknames)

.debug_funcnames
 *(.debug_funcnames)

.debug_typenames
 *(.debug_typenames)

.debug_varnames
 *(.debug_varnames)

.debug_pubtypes
 *(.debug_pubtypes)

.debug_ranges   0x00000000      0x310
 *(.debug_ranges)
 .debug_ranges  0x00000000      0x170 i2c.o
 .debug_ranges  0x00000170       0x28 main.o
 .debug_ranges  0x00000198      0x178 ssd1306.o

.debug_macro    0x00000000     0x2e6d
 *(.debug_macro)
 .debug_macro   0x00000000       0x96 i2c.o
 .debug_macro   0x00000096      0xa4e i2c.o
 .debug_macro   0x00000ae4       0x10 i2c.o
 .debug_macro   0x00000af4      0x1c9 i2c.o
 .debug_macro   0x00000cbd      0x2fc i2c.o
 .debug_macro   0x00000fb9       0x9e i2c.o
 .debug_macro   0x00001057     0x1410 i2c.o
 .debug_macro   0x00002467      0x13a i2c.o
 .debug_macro   0x000025a1       0xbd i2c.o
 .debug_macro   0x0000265e       0x34 i2c.o
 .debug_macro   0x00002692       0x18 i2c.o
 .debug_macro   0x000026aa       0x6c i2c.o
 .debug_macro   0x00002716       0x16 i2c.o
 .debug_macro   0x0000272c       0xf4 main.o
 .debug_macro   0x00002820       0x10 main.o
 .debug_macro   0x00002830       0x89 main.o
 .debug_macro   0x000028b9       0xee main.o
 .debug_macro   0x000029a7       0x1c main.o
 .debug_macro   0x000029c3       0x16 main.o
 .debug_macro   0x000029d9       0x20 main.o
 .debug_macro   0x000029f9       0x9a main.o
 .debug_macro   0x00002a93       0x10 main.o
 .debug_macro   0x00002aa3      0x160 main.o
 .debug_macro   0x00002c03       0xce ssd1306.o
 .debug_macro   0x00002cd1       0xce ssd1306Fonts.o
 .debug_macro   0x00002d9f       0xce ssd1306FlashStore.o
OUTPUT(SSD1306 LED Display.elf elf32-avr)
LOAD linker stubs
